Info: Starting: Create HDL design files for synthesis
Info: ip-generate --project-directory=C:/altera/13.1/embedded/de1_soc_preloader13_1/ --output-directory=C:/altera/13.1/embedded/de1_soc_preloader13_1/soc_system/synthesis/ --file-set=QUARTUS_SYNTH --report-file=html:C:/altera/13.1/embedded/de1_soc_preloader13_1/soc_system.html --report-file=sopcinfo:C:/altera/13.1/embedded/de1_soc_preloader13_1/soc_system.sopcinfo --report-file=cmp:C:/altera/13.1/embedded/de1_soc_preloader13_1/soc_system.cmp --report-file=qip:C:/altera/13.1/embedded/de1_soc_preloader13_1/soc_system/synthesis/soc_system.qip --report-file=svd --report-file=regmap:C:/altera/13.1/embedded/de1_soc_preloader13_1/soc_system/synthesis/soc_system.regmap --report-file=debuginfo:C:/altera/13.1/embedded/de1_soc_preloader13_1/soc_system/synthesis/soc_system.debuginfo --system-info=DEVICE_FAMILY="Cyclone V" --system-info=DEVICE=5CSXFC6D6F31C8ES --system-info=DEVICE_SPEEDGRADE=8_H6 --component-file=C:/altera/13.1/embedded/de1_soc_preloader13_1/soc_system.qsys --language=VERILOG
Progress: Loading de1_soc_preloader13_1/soc_system.qsys
Progress: Reading input file
Progress: Adding clk_0 [clock_source 13.1]
Progress: Parameterizing module clk_0
Progress: Adding hps_0 [altera_hps 13.1]
Progress: Parameterizing module hps_0
Progress: Adding onchip_memory2_0 [altera_avalon_onchip_memory2 13.1]
Progress: Parameterizing module onchip_memory2_0
Progress: Adding hps_only_master [altera_jtag_avalon_master 13.1]
Progress: Parameterizing module hps_only_master
Progress: Adding sysid_qsys [altera_avalon_sysid_qsys 13.1]
Progress: Parameterizing module sysid_qsys
Progress: Adding led_pio [altera_avalon_pio 13.1]
Progress: Parameterizing module led_pio
Progress: Adding fpga_only_master [altera_jtag_avalon_master 13.1]
Progress: Parameterizing module fpga_only_master
Progress: Adding dipsw_pio [altera_avalon_pio 13.1]
Progress: Parameterizing module dipsw_pio
Progress: Adding button_pio [altera_avalon_pio 13.1]
Progress: Parameterizing module button_pio
Progress: Adding jtag_uart [altera_avalon_jtag_uart 13.1]
Progress: Parameterizing module jtag_uart
Progress: Adding intr_capturer_0 [intr_capturer 100.99.98.97]
Progress: Parameterizing module intr_capturer_0
Progress: Building connections
Progress: Parameterizing connections
Progress: Validating
Progress: Done reading input file
Info: soc_system.sysid_qsys: System ID is not assigned automatically. Edit the System ID parameter to provide a unique ID
Info: soc_system.sysid_qsys: Time stamp will be automatically updated when this component is generated.
Info: soc_system.led_pio: PIO inputs are not hardwired in test bench. Undefined values will be read from PIO inputs during simulation.
Info: soc_system.dipsw_pio: PIO inputs are not hardwired in test bench. Undefined values will be read from PIO inputs during simulation.
Info: soc_system.button_pio: PIO inputs are not hardwired in test bench. Undefined values will be read from PIO inputs during simulation.
Info: soc_system: Generating soc_system "soc_system" for QUARTUS_SYNTH
Info: pipeline_bridge_swap_transform: After transform: 11 modules, 41 connections
Info: No custom instruction connections, skipping transform 
Info: merlin_initial_interconnect_transform: After transform: 10 modules, 31 connections
Info: merlin_translator_transform: After transform: 18 modules, 55 connections
Info: merlin_domain_transform: After transform: 43 modules, 176 connections
Info: merlin_router_transform: After transform: 55 modules, 212 connections
Info: merlin_traffic_limiter_transform: After transform: 58 modules, 224 connections
Info: merlin_burst_transform: After transform: 64 modules, 242 connections
Info: merlin_network_to_switch_transform: After transform: 87 modules, 304 connections
Info: merlin_width_transform: After transform: 89 modules, 310 connections
Info: limiter_update_transform: After transform: 89 modules, 313 connections
Info: merlin_clock_and_reset_bridge_transform: After transform: 93 modules, 404 connections
Info: merlin_hierarchy_transform: After transform: 12 modules, 42 connections
Info: merlin_initial_interconnect_transform: After transform: 3 modules, 4 connections
Info: merlin_translator_transform: After transform: 4 modules, 7 connections
Info: merlin_domain_transform: After transform: 7 modules, 24 connections
Info: merlin_router_transform: After transform: 10 modules, 33 connections
Info: merlin_traffic_limiter_transform: After transform: 11 modules, 37 connections
Info: merlin_network_to_switch_transform: After transform: 16 modules, 47 connections
Info: merlin_width_transform: After transform: 20 modules, 59 connections
Info: limiter_update_transform: After transform: 20 modules, 60 connections
Info: merlin_clock_and_reset_bridge_transform: After transform: 24 modules, 82 connections
Info: merlin_hierarchy_transform: After transform: 13 modules, 47 connections
Info: merlin_mm_transform: After transform: 13 modules, 47 connections
Warning: hps_0.f2h_irq0: Cannot connect clock for irq_mapper.sender
Warning: hps_0.f2h_irq0: Cannot connect reset for irq_mapper.sender
Warning: hps_0.f2h_irq1: Cannot connect clock for irq_mapper_001.sender
Warning: hps_0.f2h_irq1: Cannot connect reset for irq_mapper_001.sender
Info: merlin_interrupt_mapper_transform: After transform: 16 modules, 52 connections
Info: merlin_interrupt_fanout_transform: After transform: 19 modules, 61 connections
Info: reset_adaptation_transform: After transform: 22 modules, 80 connections
Info: hps_0: "Doing Pretransform for module: hps_0"
Info: pipeline_bridge_swap_transform: After transform: 2 modules, 0 connections
Info: No custom instruction connections, skipping transform 
Info: hps_0: "soc_system" instantiated altera_hps "hps_0"
Info: onchip_memory2_0: Starting RTL generation for module 'soc_system_onchip_memory2_0'
Info: onchip_memory2_0:   Generation command is [exec D:/altera/13.1/quartus/bin/perl/bin/perl.exe -I D:/altera/13.1/quartus/bin/perl/lib -I D:/altera/13.1/quartus/sopc_builder/bin/europa -I D:/altera/13.1/quartus/sopc_builder/bin/perl_lib -I D:/altera/13.1/quartus/sopc_builder/bin -I D:/altera/13.1/quartus/../ip/altera/sopc_builder_ip/common -I D:/altera/13.1/quartus/../ip/altera/sopc_builder_ip/altera_avalon_onchip_memory2 -- D:/altera/13.1/quartus/../ip/altera/sopc_builder_ip/altera_avalon_onchip_memory2/generate_rtl.pl --name=soc_system_onchip_memory2_0 --dir=C:/Users/ADMINI~1/AppData/Local/Temp/alt6134_4000473184947182487.dir/0001_onchip_memory2_0_gen/ --quartus_dir=D:/altera/13.1/quartus --verilog --config=C:/Users/ADMINI~1/AppData/Local/Temp/alt6134_4000473184947182487.dir/0001_onchip_memory2_0_gen//soc_system_onchip_memory2_0_component_configuration.pl  --do_build_sim=0  ]
Info: onchip_memory2_0: Done RTL generation for module 'soc_system_onchip_memory2_0'
Info: onchip_memory2_0: "soc_system" instantiated altera_avalon_onchip_memory2 "onchip_memory2_0"
Info: pipeline_bridge_swap_transform: After transform: 10 modules, 24 connections
Info: No custom instruction connections, skipping transform 
Info: reset_adaptation_transform: After transform: 11 modules, 26 connections
Info: hps_only_master: "soc_system" instantiated altera_jtag_avalon_master "hps_only_master"
Info: sysid_qsys: "soc_system" instantiated altera_avalon_sysid_qsys "sysid_qsys"
Info: led_pio: Starting RTL generation for module 'soc_system_led_pio'
Info: led_pio:   Generation command is [exec D:/altera/13.1/quartus/bin/perl/bin/perl.exe -I D:/altera/13.1/quartus/bin/perl/lib -I D:/altera/13.1/quartus/sopc_builder/bin/europa -I D:/altera/13.1/quartus/sopc_builder/bin/perl_lib -I D:/altera/13.1/quartus/sopc_builder/bin -I D:/altera/13.1/quartus/../ip/altera/sopc_builder_ip/common -I D:/altera/13.1/quartus/../ip/altera/sopc_builder_ip/altera_avalon_pio -- D:/altera/13.1/quartus/../ip/altera/sopc_builder_ip/altera_avalon_pio/generate_rtl.pl --name=soc_system_led_pio --dir=C:/Users/ADMINI~1/AppData/Local/Temp/alt6134_4000473184947182487.dir/0003_led_pio_gen/ --quartus_dir=D:/altera/13.1/quartus --verilog --config=C:/Users/ADMINI~1/AppData/Local/Temp/alt6134_4000473184947182487.dir/0003_led_pio_gen//soc_system_led_pio_component_configuration.pl  --do_build_sim=0  ]
Info: led_pio: Done RTL generation for module 'soc_system_led_pio'
Info: led_pio: "soc_system" instantiated altera_avalon_pio "led_pio"
Info: dipsw_pio: Starting RTL generation for module 'soc_system_dipsw_pio'
Info: dipsw_pio:   Generation command is [exec D:/altera/13.1/quartus/bin/perl/bin/perl.exe -I D:/altera/13.1/quartus/bin/perl/lib -I D:/altera/13.1/quartus/sopc_builder/bin/europa -I D:/altera/13.1/quartus/sopc_builder/bin/perl_lib -I D:/altera/13.1/quartus/sopc_builder/bin -I D:/altera/13.1/quartus/../ip/altera/sopc_builder_ip/common -I D:/altera/13.1/quartus/../ip/altera/sopc_builder_ip/altera_avalon_pio -- D:/altera/13.1/quartus/../ip/altera/sopc_builder_ip/altera_avalon_pio/generate_rtl.pl --name=soc_system_dipsw_pio --dir=C:/Users/ADMINI~1/AppData/Local/Temp/alt6134_4000473184947182487.dir/0004_dipsw_pio_gen/ --quartus_dir=D:/altera/13.1/quartus --verilog --config=C:/Users/ADMINI~1/AppData/Local/Temp/alt6134_4000473184947182487.dir/0004_dipsw_pio_gen//soc_system_dipsw_pio_component_configuration.pl  --do_build_sim=0  ]
Info: dipsw_pio: Done RTL generation for module 'soc_system_dipsw_pio'
Info: dipsw_pio: "soc_system" instantiated altera_avalon_pio "dipsw_pio"
Info: button_pio: Starting RTL generation for module 'soc_system_button_pio'
Info: button_pio:   Generation command is [exec D:/altera/13.1/quartus/bin/perl/bin/perl.exe -I D:/altera/13.1/quartus/bin/perl/lib -I D:/altera/13.1/quartus/sopc_builder/bin/europa -I D:/altera/13.1/quartus/sopc_builder/bin/perl_lib -I D:/altera/13.1/quartus/sopc_builder/bin -I D:/altera/13.1/quartus/../ip/altera/sopc_builder_ip/common -I D:/altera/13.1/quartus/../ip/altera/sopc_builder_ip/altera_avalon_pio -- D:/altera/13.1/quartus/../ip/altera/sopc_builder_ip/altera_avalon_pio/generate_rtl.pl --name=soc_system_button_pio --dir=C:/Users/ADMINI~1/AppData/Local/Temp/alt6134_4000473184947182487.dir/0005_button_pio_gen/ --quartus_dir=D:/altera/13.1/quartus --verilog --config=C:/Users/ADMINI~1/AppData/Local/Temp/alt6134_4000473184947182487.dir/0005_button_pio_gen//soc_system_button_pio_component_configuration.pl  --do_build_sim=0  ]
Info: button_pio: Done RTL generation for module 'soc_system_button_pio'
Info: button_pio: "soc_system" instantiated altera_avalon_pio "button_pio"
Info: jtag_uart: Starting RTL generation for module 'soc_system_jtag_uart'
Info: jtag_uart:   Generation command is [exec D:/altera/13.1/quartus/bin/perl/bin/perl.exe -I D:/altera/13.1/quartus/bin/perl/lib -I D:/altera/13.1/quartus/sopc_builder/bin/europa -I D:/altera/13.1/quartus/sopc_builder/bin/perl_lib -I D:/altera/13.1/quartus/sopc_builder/bin -I D:/altera/13.1/quartus/../ip/altera/sopc_builder_ip/common -I D:/altera/13.1/quartus/../ip/altera/sopc_builder_ip/altera_avalon_jtag_uart -- D:/altera/13.1/quartus/../ip/altera/sopc_builder_ip/altera_avalon_jtag_uart/generate_rtl.pl --name=soc_system_jtag_uart --dir=C:/Users/ADMINI~1/AppData/Local/Temp/alt6134_4000473184947182487.dir/0006_jtag_uart_gen/ --quartus_dir=D:/altera/13.1/quartus --verilog --config=C:/Users/ADMINI~1/AppData/Local/Temp/alt6134_4000473184947182487.dir/0006_jtag_uart_gen//soc_system_jtag_uart_component_configuration.pl  --do_build_sim=0  ]
Info: jtag_uart: Done RTL generation for module 'soc_system_jtag_uart'
Info: jtag_uart: "soc_system" instantiated altera_avalon_jtag_uart "jtag_uart"
Info: intr_capturer_0: "soc_system" instantiated intr_capturer "intr_capturer_0"
Info: pipeline_bridge_swap_transform: After transform: 83 modules, 288 connections
Info: No custom instruction connections, skipping transform 
Info: merlin_initial_interconnect_transform: After transform: 0 modules, 0 connections
Info: No Avalon connections, skipping transform 
Info: merlin_hierarchy_transform: After transform: 83 modules, 288 connections
Info: merlin_initial_interconnect_transform: After transform: 0 modules, 0 connections
Info: No Avalon connections, skipping transform 
Info: merlin_hierarchy_transform: After transform: 83 modules, 288 connections
Info: merlin_initial_interconnect_transform: After transform: 0 modules, 0 connections
Info: No Avalon connections, skipping transform 
Info: merlin_hierarchy_transform: After transform: 83 modules, 288 connections
Info: merlin_initial_interconnect_transform: After transform: 0 modules, 0 connections
Info: No Avalon connections, skipping transform 
Info: merlin_hierarchy_transform: After transform: 83 modules, 288 connections
Info: merlin_initial_interconnect_transform: After transform: 0 modules, 0 connections
Info: No Avalon connections, skipping transform 
Info: merlin_hierarchy_transform: After transform: 83 modules, 288 connections
Info: merlin_initial_interconnect_transform: After transform: 0 modules, 0 connections
Info: No Avalon connections, skipping transform 
Info: merlin_hierarchy_transform: After transform: 83 modules, 288 connections
Info: merlin_initial_interconnect_transform: After transform: 0 modules, 0 connections
Info: No Avalon connections, skipping transform 
Info: merlin_hierarchy_transform: After transform: 83 modules, 288 connections
Info: merlin_initial_interconnect_transform: After transform: 0 modules, 0 connections
Info: No Avalon connections, skipping transform 
Info: merlin_hierarchy_transform: After transform: 83 modules, 288 connections
Info: mm_interconnect_0: "soc_system" instantiated altera_merlin_interconnect_wrapper "mm_interconnect_0"
Info: pipeline_bridge_swap_transform: After transform: 21 modules, 58 connections
Info: No custom instruction connections, skipping transform 
Info: merlin_initial_interconnect_transform: After transform: 0 modules, 0 connections
Info: No Avalon connections, skipping transform 
Info: merlin_hierarchy_transform: After transform: 21 modules, 58 connections
Info: mm_interconnect_1: "soc_system" instantiated altera_merlin_interconnect_wrapper "mm_interconnect_1"
Info: irq_mapper: "soc_system" instantiated altera_irq_mapper "irq_mapper"
Info: irq_mapper_001: "soc_system" instantiated altera_irq_mapper "irq_mapper_001"
Info: rst_controller: "soc_system" instantiated altera_reset_controller "rst_controller"
Info: fpga_interfaces: "hps_0" instantiated altera_interface_generator "fpga_interfaces"
Info: pipeline_bridge_swap_transform: After transform: 1 modules, 0 connections
Info: No custom instruction connections, skipping transform 
Info: hps_io: "hps_0" instantiated altera_hps_io "hps_io"
Info: jtag_phy_embedded_in_jtag_master: "hps_only_master" instantiated altera_jtag_dc_streaming "jtag_phy_embedded_in_jtag_master"
Info: timing_adt: Starting generation. 
Info: timing_adt: "hps_only_master" instantiated timing_adapter "timing_adt"
Info: fifo: "hps_only_master" instantiated altera_avalon_sc_fifo "fifo"
Info: b2p: "hps_only_master" instantiated altera_avalon_st_bytes_to_packets "b2p"
Info: p2b: "hps_only_master" instantiated altera_avalon_st_packets_to_bytes "p2b"
Info: transacto: "hps_only_master" instantiated altera_avalon_packets_to_master "transacto"
Info: b2p_adapter: Starting generation. 
Info: b2p_adapter: "hps_only_master" instantiated channel_adapter "b2p_adapter"
Info: p2b_adapter: Starting generation. 
Info: p2b_adapter: "hps_only_master" instantiated channel_adapter "p2b_adapter"
Info: fpga_only_master_master_translator: "mm_interconnect_0" instantiated altera_merlin_master_translator "fpga_only_master_master_translator"
Info: onchip_memory2_0_s1_translator: "mm_interconnect_0" instantiated altera_merlin_slave_translator "onchip_memory2_0_s1_translator"
Info: hps_0_h2f_axi_master_agent: "mm_interconnect_0" instantiated altera_merlin_axi_master_ni "hps_0_h2f_axi_master_agent"
Info: fpga_only_master_master_translator_avalon_universal_master_0_agent: "mm_interconnect_0" instantiated altera_merlin_master_agent "fpga_only_master_master_translator_avalon_universal_master_0_agent"
Info: onchip_memory2_0_s1_translator_avalon_universal_slave_0_agent: "mm_interconnect_0" instantiated altera_merlin_slave_agent "onchip_memory2_0_s1_translator_avalon_universal_slave_0_agent"
Info: addr_router: "mm_interconnect_0" instantiated altera_merlin_router "addr_router"
Info: addr_router_002: "mm_interconnect_0" instantiated altera_merlin_router "addr_router_002"
Info: addr_router_003: "mm_interconnect_0" instantiated altera_merlin_router "addr_router_003"
Info: id_router: "mm_interconnect_0" instantiated altera_merlin_router "id_router"
Info: id_router_001: "mm_interconnect_0" instantiated altera_merlin_router "id_router_001"
Info: id_router_005: "mm_interconnect_0" instantiated altera_merlin_router "id_router_005"
Info: limiter: "mm_interconnect_0" instantiated altera_merlin_traffic_limiter "limiter"
Info: Reusing file C:/altera/13.1/embedded/de1_soc_preloader13_1/soc_system/synthesis/submodules/altera_avalon_sc_fifo.v
Info: Reusing file C:/altera/13.1/embedded/de1_soc_preloader13_1/soc_system/synthesis/submodules/altera_avalon_st_pipeline_base.v
Info: burst_adapter: "mm_interconnect_0" instantiated altera_merlin_burst_adapter "burst_adapter"
Info: Reusing file C:/altera/13.1/embedded/de1_soc_preloader13_1/soc_system/synthesis/submodules/altera_merlin_address_alignment.sv
Info: cmd_xbar_demux: "mm_interconnect_0" instantiated altera_merlin_demultiplexer "cmd_xbar_demux"
Info: cmd_xbar_demux_002: "mm_interconnect_0" instantiated altera_merlin_demultiplexer "cmd_xbar_demux_002"
Info: cmd_xbar_demux_003: "mm_interconnect_0" instantiated altera_merlin_demultiplexer "cmd_xbar_demux_003"
Info: cmd_xbar_mux: "mm_interconnect_0" instantiated altera_merlin_multiplexer "cmd_xbar_mux"
Info: cmd_xbar_mux_001: "mm_interconnect_0" instantiated altera_merlin_multiplexer "cmd_xbar_mux_001"
Info: Reusing file C:/altera/13.1/embedded/de1_soc_preloader13_1/soc_system/synthesis/submodules/altera_merlin_arbitrator.sv
Info: cmd_xbar_mux_005: "mm_interconnect_0" instantiated altera_merlin_multiplexer "cmd_xbar_mux_005"
Info: Reusing file C:/altera/13.1/embedded/de1_soc_preloader13_1/soc_system/synthesis/submodules/altera_merlin_arbitrator.sv
Info: rsp_xbar_demux: "mm_interconnect_0" instantiated altera_merlin_demultiplexer "rsp_xbar_demux"
Info: rsp_xbar_demux_001: "mm_interconnect_0" instantiated altera_merlin_demultiplexer "rsp_xbar_demux_001"
Info: rsp_xbar_demux_005: "mm_interconnect_0" instantiated altera_merlin_demultiplexer "rsp_xbar_demux_005"
Info: rsp_xbar_mux: "mm_interconnect_0" instantiated altera_merlin_multiplexer "rsp_xbar_mux"
Info: Reusing file C:/altera/13.1/embedded/de1_soc_preloader13_1/soc_system/synthesis/submodules/altera_merlin_arbitrator.sv
Info: rsp_xbar_mux_002: "mm_interconnect_0" instantiated altera_merlin_multiplexer "rsp_xbar_mux_002"
Info: Reusing file C:/altera/13.1/embedded/de1_soc_preloader13_1/soc_system/synthesis/submodules/altera_merlin_arbitrator.sv
Info: rsp_xbar_mux_003: "mm_interconnect_0" instantiated altera_merlin_multiplexer "rsp_xbar_mux_003"
Info: Reusing file C:/altera/13.1/embedded/de1_soc_preloader13_1/soc_system/synthesis/submodules/altera_merlin_arbitrator.sv
Info: width_adapter: "mm_interconnect_0" instantiated altera_merlin_width_adapter "width_adapter"
Info: Reusing file C:/altera/13.1/embedded/de1_soc_preloader13_1/soc_system/synthesis/submodules/altera_merlin_address_alignment.sv
Info: Reusing file C:/altera/13.1/embedded/de1_soc_preloader13_1/soc_system/synthesis/submodules/altera_merlin_burst_uncompressor.sv
Info: hps_0_f2h_axi_slave_agent: "mm_interconnect_1" instantiated altera_merlin_axi_slave_ni "hps_0_f2h_axi_slave_agent"
Info: Reusing file C:/altera/13.1/embedded/de1_soc_preloader13_1/soc_system/synthesis/submodules/altera_merlin_burst_uncompressor.sv
Info: Reusing file C:/altera/13.1/embedded/de1_soc_preloader13_1/soc_system/synthesis/submodules/altera_avalon_sc_fifo.v
Info: Reusing file C:/altera/13.1/embedded/de1_soc_preloader13_1/soc_system/synthesis/submodules/altera_merlin_address_alignment.sv
Info: addr_router: "mm_interconnect_1" instantiated altera_merlin_router "addr_router"
Info: id_router: "mm_interconnect_1" instantiated altera_merlin_router "id_router"
Info: cmd_xbar_demux: "mm_interconnect_1" instantiated altera_merlin_demultiplexer "cmd_xbar_demux"
Info: cmd_xbar_mux: "mm_interconnect_1" instantiated altera_merlin_multiplexer "cmd_xbar_mux"
Info: Reusing file C:/altera/13.1/embedded/de1_soc_preloader13_1/soc_system/synthesis/submodules/altera_merlin_arbitrator.sv
Info: rsp_xbar_demux: "mm_interconnect_1" instantiated altera_merlin_demultiplexer "rsp_xbar_demux"
Info: rsp_xbar_mux: "mm_interconnect_1" instantiated altera_merlin_multiplexer "rsp_xbar_mux"
Info: Reusing file C:/altera/13.1/embedded/de1_soc_preloader13_1/soc_system/synthesis/submodules/altera_merlin_arbitrator.sv
Info: border: "hps_io" instantiated altera_interface_generator "border"
Info: soc_system: Done "soc_system" with 59 modules, 116 files, 2978364 bytes
Info: ip-generate succeeded.
Info: Finished: Create HDL design files for synthesis
